  Determining projects to restore...
  All projects are up-to-date for restore.
  TargetSocialApp.Domain -> c:\Users\hamad\source\repos\TargetSocialApp\TargetSocialApp.Domain\bin\Debug\net9.0\TargetSocialApp.Domain.dll
c:\Users\hamad\source\repos\TargetSocialApp\TargetSocialApp.Application\Features\Auth\AuthService.cs(86,45): warning CS1998: This async method lacks 'await' operators and will run synchronously. Consider using the 'await' operator to await non-blocking API calls, or 'await Task.Run(...)' to do CPU-bound work on a background thread. [c:\Users\hamad\source\repos\TargetSocialApp\TargetSocialApp.Application\TargetSocialApp.Application.csproj]
c:\Users\hamad\source\repos\TargetSocialApp\TargetSocialApp.Application\Features\Auth\AuthService.cs(92,51): warning CS1998: This async method lacks 'await' operators and will run synchronously. Consider using the 'await' operator to await non-blocking API calls, or 'await Task.Run(...)' to do CPU-bound work on a background thread. [c:\Users\hamad\source\repos\TargetSocialApp\TargetSocialApp.Application\TargetSocialApp.Application.csproj]
c:\Users\hamad\source\repos\TargetSocialApp\TargetSocialApp.Application\Features\Auth\AuthService.cs(99,45): warning CS1998: This async method lacks 'await' operators and will run synchronously. Consider using the 'await' operator to await non-blocking API calls, or 'await Task.Run(...)' to do CPU-bound work on a background thread. [c:\Users\hamad\source\repos\TargetSocialApp\TargetSocialApp.Application\TargetSocialApp.Application.csproj]
c:\Users\hamad\source\repos\TargetSocialApp\TargetSocialApp.Application\Features\Auth\AuthService.cs(152,45): warning CS1998: This async method lacks 'await' operators and will run synchronously. Consider using the 'await' operator to await non-blocking API calls, or 'await Task.Run(...)' to do CPU-bound work on a background thread. [c:\Users\hamad\source\repos\TargetSocialApp\TargetSocialApp.Application\TargetSocialApp.Application.csproj]
c:\Users\hamad\source\repos\TargetSocialApp\TargetSocialApp.Application\Common\Bases\AppService.cs(39,20): warning CS8603: Possible null reference return. [c:\Users\hamad\source\repos\TargetSocialApp\TargetSocialApp.Application\TargetSocialApp.Application.csproj]
c:\Users\hamad\source\repos\TargetSocialApp\TargetSocialApp.Application\Common\Bases\AppService.cs(45,59): warning CS8603: Possible null reference return. [c:\Users\hamad\source\repos\TargetSocialApp\TargetSocialApp.Application\TargetSocialApp.Application.csproj]
c:\Users\hamad\source\repos\TargetSocialApp\TargetSocialApp.Application\Common\Bases\ApiResponse.cs(14,16): warning CS8618: Non-nullable property 'Message' must contain a non-null value when exiting constructor. Consider adding the 'required' modifier or declaring the property as nullable. [c:\Users\hamad\source\repos\TargetSocialApp\TargetSocialApp.Application\TargetSocialApp.Application.csproj]
c:\Users\hamad\source\repos\TargetSocialApp\TargetSocialApp.Application\Common\Bases\ApiResponse.cs(14,16): warning CS8618: Non-nullable property 'Errors' must contain a non-null value when exiting constructor. Consider adding the 'required' modifier or declaring the property as nullable. [c:\Users\hamad\source\repos\TargetSocialApp\TargetSocialApp.Application\TargetSocialApp.Application.csproj]
c:\Users\hamad\source\repos\TargetSocialApp\TargetSocialApp.Application\Common\Bases\ApiResponse.cs(14,16): warning CS8618: Non-nullable property 'Data' must contain a non-null value when exiting constructor. Consider adding the 'required' modifier or declaring the property as nullable. [c:\Users\hamad\source\repos\TargetSocialApp\TargetSocialApp.Application\TargetSocialApp.Application.csproj]
c:\Users\hamad\source\repos\TargetSocialApp\TargetSocialApp.Application\Common\Bases\ApiResponse.cs(14,16): warning CS8618: Non-nullable property 'Meta' must contain a non-null value when exiting constructor. Consider adding the 'required' modifier or declaring the property as nullable. [c:\Users\hamad\source\repos\TargetSocialApp\TargetSocialApp.Application\TargetSocialApp.Application.csproj]
c:\Users\hamad\source\repos\TargetSocialApp\TargetSocialApp.Application\Common\Bases\ApiResponse.cs(22,20): warning CS8601: Possible null reference assignment. [c:\Users\hamad\source\repos\TargetSocialApp\TargetSocialApp.Application\TargetSocialApp.Application.csproj]
c:\Users\hamad\source\repos\TargetSocialApp\TargetSocialApp.Application\Common\Bases\ApiResponse.cs(23,20): warning CS8601: Possible null reference assignment. [c:\Users\hamad\source\repos\TargetSocialApp\TargetSocialApp.Application\TargetSocialApp.Application.csproj]
c:\Users\hamad\source\repos\TargetSocialApp\TargetSocialApp.Application\Common\Bases\ApiResponse.cs(24,22): warning CS8601: Possible null reference assignment. [c:\Users\hamad\source\repos\TargetSocialApp\TargetSocialApp.Application\TargetSocialApp.Application.csproj]
c:\Users\hamad\source\repos\TargetSocialApp\TargetSocialApp.Application\Common\Bases\ApiResponse.cs(18,16): warning CS8618: Non-nullable property 'Errors' must contain a non-null value when exiting constructor. Consider adding the 'required' modifier or declaring the property as nullable. [c:\Users\hamad\source\repos\TargetSocialApp\TargetSocialApp.Application\TargetSocialApp.Application.csproj]
c:\Users\hamad\source\repos\TargetSocialApp\TargetSocialApp.Application\Common\Bases\ApiResponse.cs(18,16): warning CS8618: Non-nullable property 'Data' must contain a non-null value when exiting constructor. Consider adding the 'required' modifier or declaring the property as nullable. [c:\Users\hamad\source\repos\TargetSocialApp\TargetSocialApp.Application\TargetSocialApp.Application.csproj]
c:\Users\hamad\source\repos\TargetSocialApp\TargetSocialApp.Application\Common\Bases\ApiResponse.cs(18,16): warning CS8618: Non-nullable property 'Meta' must contain a non-null value when exiting constructor. Consider adding the 'required' modifier or declaring the property as nullable. [c:\Users\hamad\source\repos\TargetSocialApp\TargetSocialApp.Application\TargetSocialApp.Application.csproj]
c:\Users\hamad\source\repos\TargetSocialApp\TargetSocialApp.Application\Features\Comments\DTOs\CommentDto.cs(11,23): warning CS8618: Non-nullable property 'UserName' must contain a non-null value when exiting constructor. Consider adding the 'required' modifier or declaring the property as nullable. [c:\Users\hamad\source\repos\TargetSocialApp\TargetSocialApp.Application\TargetSocialApp.Application.csproj]
c:\Users\hamad\source\repos\TargetSocialApp\TargetSocialApp.Application\Features\Comments\DTOs\CommentDto.cs(12,23): warning CS8618: Non-nullable property 'UserAvatarUrl' must contain a non-null value when exiting constructor. Consider adding the 'required' modifier or declaring the property as nullable. [c:\Users\hamad\source\repos\TargetSocialApp\TargetSocialApp.Application\TargetSocialApp.Application.csproj]
c:\Users\hamad\source\repos\TargetSocialApp\TargetSocialApp.Application\Features\Comments\DTOs\CommentDto.cs(13,23): warning CS8618: Non-nullable property 'Content' must contain a non-null value when exiting constructor. Consider adding the 'required' modifier or declaring the property as nullable. [c:\Users\hamad\source\repos\TargetSocialApp\TargetSocialApp.Application\TargetSocialApp.Application.csproj]
c:\Users\hamad\source\repos\TargetSocialApp\TargetSocialApp.Application\Features\Media\MediaService.cs(12,16): warning CS8618: Non-nullable field '_webHostEnvironment' must contain a non-null value when exiting constructor. Consider adding the 'required' modifier or declaring the field as nullable. [c:\Users\hamad\source\repos\TargetSocialApp\TargetSocialApp.Application\TargetSocialApp.Application.csproj]
c:\Users\hamad\source\repos\TargetSocialApp\TargetSocialApp.Application\Features\Media\MediaService.cs(51,45): warning CS1998: This async method lacks 'await' operators and will run synchronously. Consider using the 'await' operator to await non-blocking API calls, or 'await Task.Run(...)' to do CPU-bound work on a background thread. [c:\Users\hamad\source\repos\TargetSocialApp\TargetSocialApp.Application\TargetSocialApp.Application.csproj]
c:\Users\hamad\source\repos\TargetSocialApp\TargetSocialApp.Application\Features\Comments\CommentService.cs(55,34): warning CS8601: Possible null reference assignment. [c:\Users\hamad\source\repos\TargetSocialApp\TargetSocialApp.Application\TargetSocialApp.Application.csproj]
c:\Users\hamad\source\repos\TargetSocialApp\TargetSocialApp.Application\Features\Messaging\DTOs\ConversationDto.cs(24,23): warning CS8618: Non-nullable property 'Title' must contain a non-null value when exiting constructor. Consider adding the 'required' modifier or declaring the property as nullable. [c:\Users\hamad\source\repos\TargetSocialApp\TargetSocialApp.Application\TargetSocialApp.Application.csproj]
c:\Users\hamad\source\repos\TargetSocialApp\TargetSocialApp.Application\Features\Messaging\DTOs\ConversationDto.cs(27,27): warning CS8618: Non-nullable property 'LastMessage' must contain a non-null value when exiting constructor. Consider adding the 'required' modifier or declaring the property as nullable. [c:\Users\hamad\source\repos\TargetSocialApp\TargetSocialApp.Application\TargetSocialApp.Application.csproj]
c:\Users\hamad\source\repos\TargetSocialApp\TargetSocialApp.Application\Features\Messaging\DTOs\ConversationDto.cs(13,23): warning CS8618: Non-nullable property 'SenderName' must contain a non-null value when exiting constructor. Consider adding the 'required' modifier or declaring the property as nullable. [c:\Users\hamad\source\repos\TargetSocialApp\TargetSocialApp.Application\TargetSocialApp.Application.csproj]
c:\Users\hamad\source\repos\TargetSocialApp\TargetSocialApp.Application\Features\Messaging\DTOs\ConversationDto.cs(14,23): warning CS8618: Non-nullable property 'SenderAvatarUrl' must contain a non-null value when exiting constructor. Consider adding the 'required' modifier or declaring the property as nullable. [c:\Users\hamad\source\repos\TargetSocialApp\TargetSocialApp.Application\TargetSocialApp.Application.csproj]
c:\Users\hamad\source\repos\TargetSocialApp\TargetSocialApp.Application\Features\Messaging\DTOs\ConversationDto.cs(15,23): warning CS8618: Non-nullable property 'Content' must contain a non-null value when exiting constructor. Consider adding the 'required' modifier or declaring the property as nullable. [c:\Users\hamad\source\repos\TargetSocialApp\TargetSocialApp.Application\TargetSocialApp.Application.csproj]
c:\Users\hamad\source\repos\TargetSocialApp\TargetSocialApp.Application\Features\Users\DTOs\UserDto.cs(8,23): warning CS8618: Non-nullable property 'FirstName' must contain a non-null value when exiting constructor. Consider adding the 'required' modifier or declaring the property as nullable. [c:\Users\hamad\source\repos\TargetSocialApp\TargetSocialApp.Application\TargetSocialApp.Application.csproj]
c:\Users\hamad\source\repos\TargetSocialApp\TargetSocialApp.Application\Features\Users\DTOs\UserDto.cs(9,23): warning CS8618: Non-nullable property 'LastName' must contain a non-null value when exiting constructor. Consider adding the 'required' modifier or declaring the property as nullable. [c:\Users\hamad\source\repos\TargetSocialApp\TargetSocialApp.Application\TargetSocialApp.Application.csproj]
c:\Users\hamad\source\repos\TargetSocialApp\TargetSocialApp.Application\Features\Users\DTOs\UserDto.cs(10,23): warning CS8618: Non-nullable property 'Email' must contain a non-null value when exiting constructor. Consider adding the 'required' modifier or declaring the property as nullable. [c:\Users\hamad\source\repos\TargetSocialApp\TargetSocialApp.Application\TargetSocialApp.Application.csproj]
c:\Users\hamad\source\repos\TargetSocialApp\TargetSocialApp.Application\Features\Comments\CommentService.cs(89,38): warning CS8601: Possible null reference assignment. [c:\Users\hamad\source\repos\TargetSocialApp\TargetSocialApp.Application\TargetSocialApp.Application.csproj]
c:\Users\hamad\source\repos\TargetSocialApp\TargetSocialApp.Application\Features\Friends\DTOs\FriendshipDto.cs(10,23): warning CS8618: Non-nullable property 'RequesterName' must contain a non-null value when exiting constructor. Consider adding the 'required' modifier or declaring the property as nullable. [c:\Users\hamad\source\repos\TargetSocialApp\TargetSocialApp.Application\TargetSocialApp.Application.csproj]
c:\Users\hamad\source\repos\TargetSocialApp\TargetSocialApp.Application\Features\Friends\DTOs\FriendshipDto.cs(11,23): warning CS8618: Non-nullable property 'RequesterAvatarUrl' must contain a non-null value when exiting constructor. Consider adding the 'required' modifier or declaring the property as nullable. [c:\Users\hamad\source\repos\TargetSocialApp\TargetSocialApp.Application\TargetSocialApp.Application.csproj]
c:\Users\hamad\source\repos\TargetSocialApp\TargetSocialApp.Application\Features\Friends\DTOs\FriendshipDto.cs(13,23): warning CS8618: Non-nullable property 'ReceiverName' must contain a non-null value when exiting constructor. Consider adding the 'required' modifier or declaring the property as nullable. [c:\Users\hamad\source\repos\TargetSocialApp\TargetSocialApp.Application\TargetSocialApp.Application.csproj]
c:\Users\hamad\source\repos\TargetSocialApp\TargetSocialApp.Application\Features\Friends\DTOs\FriendshipDto.cs(14,23): warning CS8618: Non-nullable property 'ReceiverAvatarUrl' must contain a non-null value when exiting constructor. Consider adding the 'required' modifier or declaring the property as nullable. [c:\Users\hamad\source\repos\TargetSocialApp\TargetSocialApp.Application\TargetSocialApp.Application.csproj]
c:\Users\hamad\source\repos\TargetSocialApp\TargetSocialApp.Application\Features\Posts\DTOs\PostDto.cs(34,23): warning CS8618: Non-nullable property 'UserName' must contain a non-null value when exiting constructor. Consider adding the 'required' modifier or declaring the property as nullable. [c:\Users\hamad\source\repos\TargetSocialApp\TargetSocialApp.Application\TargetSocialApp.Application.csproj]
c:\Users\hamad\source\repos\TargetSocialApp\TargetSocialApp.Application\Features\Posts\DTOs\PostDto.cs(35,23): warning CS8618: Non-nullable property 'UserAvatarUrl' must contain a non-null value when exiting constructor. Consider adding the 'required' modifier or declaring the property as nullable. [c:\Users\hamad\source\repos\TargetSocialApp\TargetSocialApp.Application\TargetSocialApp.Application.csproj]
c:\Users\hamad\source\repos\TargetSocialApp\TargetSocialApp.Application\Features\Notifications\DTOs\NotificationDto.cs(11,23): warning CS8618: Non-nullable property 'ActorName' must contain a non-null value when exiting constructor. Consider adding the 'required' modifier or declaring the property as nullable. [c:\Users\hamad\source\repos\TargetSocialApp\TargetSocialApp.Application\TargetSocialApp.Application.csproj]
c:\Users\hamad\source\repos\TargetSocialApp\TargetSocialApp.Application\Features\Notifications\DTOs\NotificationDto.cs(12,23): warning CS8618: Non-nullable property 'ActorAvatarUrl' must contain a non-null value when exiting constructor. Consider adding the 'required' modifier or declaring the property as nullable. [c:\Users\hamad\source\repos\TargetSocialApp\TargetSocialApp.Application\TargetSocialApp.Application.csproj]
c:\Users\hamad\source\repos\TargetSocialApp\TargetSocialApp.Application\Features\Notifications\DTOs\NotificationDto.cs(15,23): warning CS8618: Non-nullable property 'Content' must contain a non-null value when exiting constructor. Consider adding the 'required' modifier or declaring the property as nullable. [c:\Users\hamad\source\repos\TargetSocialApp\TargetSocialApp.Application\TargetSocialApp.Application.csproj]
c:\Users\hamad\source\repos\TargetSocialApp\TargetSocialApp.Application\Features\Notifications\NotificationService.cs(53,55): warning CS8602: Dereference of a possibly null reference. [c:\Users\hamad\source\repos\TargetSocialApp\TargetSocialApp.Application\TargetSocialApp.Application.csproj]
c:\Users\hamad\source\repos\TargetSocialApp\TargetSocialApp.Application\Features\Notifications\NotificationService.cs(54,60): warning CS8602: Dereference of a possibly null reference. [c:\Users\hamad\source\repos\TargetSocialApp\TargetSocialApp.Application\TargetSocialApp.Application.csproj]
c:\Users\hamad\source\repos\TargetSocialApp\TargetSocialApp.Application\Features\Notifications\NotificationService.cs(54,39): warning CS8601: Possible null reference assignment. [c:\Users\hamad\source\repos\TargetSocialApp\TargetSocialApp.Application\TargetSocialApp.Application.csproj]
c:\Users\hamad\source\repos\TargetSocialApp\TargetSocialApp.Application\Features\Posts\DTOs\PostDto.cs(11,23): warning CS8618: Non-nullable property 'UserName' must contain a non-null value when exiting constructor. Consider adding the 'required' modifier or declaring the property as nullable. [c:\Users\hamad\source\repos\TargetSocialApp\TargetSocialApp.Application\TargetSocialApp.Application.csproj]
c:\Users\hamad\source\repos\TargetSocialApp\TargetSocialApp.Application\Features\Posts\DTOs\PostDto.cs(12,23): warning CS8618: Non-nullable property 'UserAvatarUrl' must contain a non-null value when exiting constructor. Consider adding the 'required' modifier or declaring the property as nullable. [c:\Users\hamad\source\repos\TargetSocialApp\TargetSocialApp.Application\TargetSocialApp.Application.csproj]
c:\Users\hamad\source\repos\TargetSocialApp\TargetSocialApp.Application\Features\Privacy\PrivacyService.cs(56,45): warning CS1998: This async method lacks 'await' operators and will run synchronously. Consider using the 'await' operator to await non-blocking API calls, or 'await Task.Run(...)' to do CPU-bound work on a background thread. [c:\Users\hamad\source\repos\TargetSocialApp\TargetSocialApp.Application\TargetSocialApp.Application.csproj]
c:\Users\hamad\source\repos\TargetSocialApp\TargetSocialApp.Application\Features\Posts\PostService.cs(69,33): warning CS8601: Possible null reference assignment. [c:\Users\hamad\source\repos\TargetSocialApp\TargetSocialApp.Application\TargetSocialApp.Application.csproj]
c:\Users\hamad\source\repos\TargetSocialApp\TargetSocialApp.Application\Features\Messaging\MessagingService.cs(50,33): warning CS8601: Possible null reference assignment. [c:\Users\hamad\source\repos\TargetSocialApp\TargetSocialApp.Application\TargetSocialApp.Application.csproj]
c:\Users\hamad\source\repos\TargetSocialApp\TargetSocialApp.Application\Features\Messaging\MessagingService.cs(86,26): warning CS8601: Possible null reference assignment. [c:\Users\hamad\source\repos\TargetSocialApp\TargetSocialApp.Application\TargetSocialApp.Application.csproj]
c:\Users\hamad\source\repos\TargetSocialApp\TargetSocialApp.Application\Features\Messaging\MessagingService.cs(89,32): warning CS8625: Cannot convert null literal to non-nullable reference type. [c:\Users\hamad\source\repos\TargetSocialApp\TargetSocialApp.Application\TargetSocialApp.Application.csproj]
c:\Users\hamad\source\repos\TargetSocialApp\TargetSocialApp.Application\Features\Stories\StoryService.cs(127,33): warning CS8601: Possible null reference assignment. [c:\Users\hamad\source\repos\TargetSocialApp\TargetSocialApp.Application\TargetSocialApp.Application.csproj]
c:\Users\hamad\source\repos\TargetSocialApp\TargetSocialApp.Application\Features\Stories\DTOs\StoryDto.cs(25,23): warning CS8618: Non-nullable property 'Title' must contain a non-null value when exiting constructor. Consider adding the 'required' modifier or declaring the property as nullable. [c:\Users\hamad\source\repos\TargetSocialApp\TargetSocialApp.Application\TargetSocialApp.Application.csproj]
c:\Users\hamad\source\repos\TargetSocialApp\TargetSocialApp.Application\Features\Stories\DTOs\StoryDto.cs(26,23): warning CS8618: Non-nullable property 'CoverImageUrl' must contain a non-null value when exiting constructor. Consider adding the 'required' modifier or declaring the property as nullable. [c:\Users\hamad\source\repos\TargetSocialApp\TargetSocialApp.Application\TargetSocialApp.Application.csproj]
c:\Users\hamad\source\repos\TargetSocialApp\TargetSocialApp.Application\Features\Stories\DTOs\StoryDto.cs(11,23): warning CS8618: Non-nullable property 'UserName' must contain a non-null value when exiting constructor. Consider adding the 'required' modifier or declaring the property as nullable. [c:\Users\hamad\source\repos\TargetSocialApp\TargetSocialApp.Application\TargetSocialApp.Application.csproj]
c:\Users\hamad\source\repos\TargetSocialApp\TargetSocialApp.Application\Features\Stories\DTOs\StoryDto.cs(12,23): warning CS8618: Non-nullable property 'UserAvatarUrl' must contain a non-null value when exiting constructor. Consider adding the 'required' modifier or declaring the property as nullable. [c:\Users\hamad\source\repos\TargetSocialApp\TargetSocialApp.Application\TargetSocialApp.Application.csproj]
c:\Users\hamad\source\repos\TargetSocialApp\TargetSocialApp.Application\Features\Stories\DTOs\StoryDto.cs(13,23): warning CS8618: Non-nullable property 'MediaUrl' must contain a non-null value when exiting constructor. Consider adding the 'required' modifier or declaring the property as nullable. [c:\Users\hamad\source\repos\TargetSocialApp\TargetSocialApp.Application\TargetSocialApp.Application.csproj]
c:\Users\hamad\source\repos\TargetSocialApp\TargetSocialApp.Application\Features\Posts\DTOs\PostDto.cs(26,23): warning CS8618: Non-nullable property 'Url' must contain a non-null value when exiting constructor. Consider adding the 'required' modifier or declaring the property as nullable. [c:\Users\hamad\source\repos\TargetSocialApp\TargetSocialApp.Application\TargetSocialApp.Application.csproj]
c:\Users\hamad\source\repos\TargetSocialApp\TargetSocialApp.Application\Features\Posts\PostService.cs(102,37): warning CS8601: Possible null reference assignment. [c:\Users\hamad\source\repos\TargetSocialApp\TargetSocialApp.Application\TargetSocialApp.Application.csproj]
c:\Users\hamad\source\repos\TargetSocialApp\TargetSocialApp.Application\Features\Comments\CommentService.cs(114,38): warning CS8601: Possible null reference assignment. [c:\Users\hamad\source\repos\TargetSocialApp\TargetSocialApp.Application\TargetSocialApp.Application.csproj]
c:\Users\hamad\source\repos\TargetSocialApp\TargetSocialApp.Application\Features\Friends\FriendService.cs(196,43): warning CS8601: Possible null reference assignment. [c:\Users\hamad\source\repos\TargetSocialApp\TargetSocialApp.Application\TargetSocialApp.Application.csproj]
c:\Users\hamad\source\repos\TargetSocialApp\TargetSocialApp.Application\Features\Friends\FriendService.cs(199,42): warning CS8601: Possible null reference assignment. [c:\Users\hamad\source\repos\TargetSocialApp\TargetSocialApp.Application\TargetSocialApp.Application.csproj]
c:\Users\hamad\source\repos\TargetSocialApp\TargetSocialApp.Application\Features\Stories\StoryService.cs(171,38): warning CS8601: Possible null reference assignment. [c:\Users\hamad\source\repos\TargetSocialApp\TargetSocialApp.Application\TargetSocialApp.Application.csproj]
c:\Users\hamad\source\repos\TargetSocialApp\TargetSocialApp.Application\Features\Stories\StoryService.cs(195,38): warning CS8601: Possible null reference assignment. [c:\Users\hamad\source\repos\TargetSocialApp\TargetSocialApp.Application\TargetSocialApp.Application.csproj]
c:\Users\hamad\source\repos\TargetSocialApp\TargetSocialApp.Application\Features\Search\SearchService.cs(31,29): warning CS8602: Dereference of a possibly null reference. [c:\Users\hamad\source\repos\TargetSocialApp\TargetSocialApp.Application\TargetSocialApp.Application.csproj]
c:\Users\hamad\source\repos\TargetSocialApp\TargetSocialApp.Application\Features\Search\SearchService.cs(38,37): warning CS8601: Possible null reference assignment. [c:\Users\hamad\source\repos\TargetSocialApp\TargetSocialApp.Application\TargetSocialApp.Application.csproj]
c:\Users\hamad\source\repos\TargetSocialApp\TargetSocialApp.Application\Features\Posts\PostService.cs(169,37): warning CS8601: Possible null reference assignment. [c:\Users\hamad\source\repos\TargetSocialApp\TargetSocialApp.Application\TargetSocialApp.Application.csproj]
c:\Users\hamad\source\repos\TargetSocialApp\TargetSocialApp.Application\Features\Messaging\MessagingService.cs(128,30): warning CS8601: Possible null reference assignment. [c:\Users\hamad\source\repos\TargetSocialApp\TargetSocialApp.Application\TargetSocialApp.Application.csproj]
c:\Users\hamad\source\repos\TargetSocialApp\TargetSocialApp.Application\Features\Messaging\MessagingService.cs(140,36): warning CS8601: Possible null reference assignment. [c:\Users\hamad\source\repos\TargetSocialApp\TargetSocialApp.Application\TargetSocialApp.Application.csproj]
c:\Users\hamad\source\repos\TargetSocialApp\TargetSocialApp.Application\Features\Messaging\MessagingService.cs(137,36): warning CS8601: Possible null reference assignment. [c:\Users\hamad\source\repos\TargetSocialApp\TargetSocialApp.Application\TargetSocialApp.Application.csproj]
c:\Users\hamad\source\repos\TargetSocialApp\TargetSocialApp.Application\Features\Friends\FriendService.cs(216,43): warning CS8601: Possible null reference assignment. [c:\Users\hamad\source\repos\TargetSocialApp\TargetSocialApp.Application\TargetSocialApp.Application.csproj]
c:\Users\hamad\source\repos\TargetSocialApp\TargetSocialApp.Application\Features\Friends\FriendService.cs(219,42): warning CS8601: Possible null reference assignment. [c:\Users\hamad\source\repos\TargetSocialApp\TargetSocialApp.Application\TargetSocialApp.Application.csproj]
c:\Users\hamad\source\repos\TargetSocialApp\TargetSocialApp.Application\Features\Comments\CommentService.cs(173,34): warning CS8601: Possible null reference assignment. [c:\Users\hamad\source\repos\TargetSocialApp\TargetSocialApp.Application\TargetSocialApp.Application.csproj]
c:\Users\hamad\source\repos\TargetSocialApp\TargetSocialApp.Application\Features\Search\SearchService.cs(63,51): warning CS1998: This async method lacks 'await' operators and will run synchronously. Consider using the 'await' operator to await non-blocking API calls, or 'await Task.Run(...)' to do CPU-bound work on a background thread. [c:\Users\hamad\source\repos\TargetSocialApp\TargetSocialApp.Application\TargetSocialApp.Application.csproj]
c:\Users\hamad\source\repos\TargetSocialApp\TargetSocialApp.Application\Features\Posts\PostService.cs(185,37): warning CS8601: Possible null reference assignment. [c:\Users\hamad\source\repos\TargetSocialApp\TargetSocialApp.Application\TargetSocialApp.Application.csproj]
c:\Users\hamad\source\repos\TargetSocialApp\TargetSocialApp.Application\Features\Comments\CommentService.cs(209,34): warning CS8601: Possible null reference assignment. [c:\Users\hamad\source\repos\TargetSocialApp\TargetSocialApp.Application\TargetSocialApp.Application.csproj]
c:\Users\hamad\source\repos\TargetSocialApp\TargetSocialApp.Application\Features\Messaging\MessagingService.cs(176,40): warning CS8601: Possible null reference assignment. [c:\Users\hamad\source\repos\TargetSocialApp\TargetSocialApp.Application\TargetSocialApp.Application.csproj]
c:\Users\hamad\source\repos\TargetSocialApp\TargetSocialApp.Application\Features\Messaging\MessagingService.cs(177,32): warning CS8601: Possible null reference assignment. [c:\Users\hamad\source\repos\TargetSocialApp\TargetSocialApp.Application\TargetSocialApp.Application.csproj]
c:\Users\hamad\source\repos\TargetSocialApp\TargetSocialApp.Application\Features\Stories\StoryService.cs(250,42): warning CS8601: Possible null reference assignment. [c:\Users\hamad\source\repos\TargetSocialApp\TargetSocialApp.Application\TargetSocialApp.Application.csproj]
c:\Users\hamad\source\repos\TargetSocialApp\TargetSocialApp.Application\Features\Search\SearchService.cs(78,38): warning CS8601: Possible null reference assignment. [c:\Users\hamad\source\repos\TargetSocialApp\TargetSocialApp.Application\TargetSocialApp.Application.csproj]
c:\Users\hamad\source\repos\TargetSocialApp\TargetSocialApp.Application\Features\Search\SearchService.cs(99,26): warning CS8601: Possible null reference assignment. [c:\Users\hamad\source\repos\TargetSocialApp\TargetSocialApp.Application\TargetSocialApp.Application.csproj]
c:\Users\hamad\source\repos\TargetSocialApp\TargetSocialApp.Application\Features\Search\SearchService.cs(100,26): warning CS8601: Possible null reference assignment. [c:\Users\hamad\source\repos\TargetSocialApp\TargetSocialApp.Application\TargetSocialApp.Application.csproj]
c:\Users\hamad\source\repos\TargetSocialApp\TargetSocialApp.Application\Features\Posts\PostService.cs(272,45): warning CS1998: This async method lacks 'await' operators and will run synchronously. Consider using the 'await' operator to await non-blocking API calls, or 'await Task.Run(...)' to do CPU-bound work on a background thread. [c:\Users\hamad\source\repos\TargetSocialApp\TargetSocialApp.Application\TargetSocialApp.Application.csproj]
c:\Users\hamad\source\repos\TargetSocialApp\TargetSocialApp.Application\Features\Search\SearchService.cs(104,51): warning CS1998: This async method lacks 'await' operators and will run synchronously. Consider using the 'await' operator to await non-blocking API calls, or 'await Task.Run(...)' to do CPU-bound work on a background thread. [c:\Users\hamad\source\repos\TargetSocialApp\TargetSocialApp.Application\TargetSocialApp.Application.csproj]
c:\Users\hamad\source\repos\TargetSocialApp\TargetSocialApp.Application\Features\Messaging\MessagingService.cs(195,30): warning CS8601: Possible null reference assignment. [c:\Users\hamad\source\repos\TargetSocialApp\TargetSocialApp.Application\TargetSocialApp.Application.csproj]
c:\Users\hamad\source\repos\TargetSocialApp\TargetSocialApp.Application\Features\Messaging\MessagingService.cs(207,36): warning CS8601: Possible null reference assignment. [c:\Users\hamad\source\repos\TargetSocialApp\TargetSocialApp.Application\TargetSocialApp.Application.csproj]
c:\Users\hamad\source\repos\TargetSocialApp\TargetSocialApp.Application\Features\Messaging\MessagingService.cs(204,36): warning CS8601: Possible null reference assignment. [c:\Users\hamad\source\repos\TargetSocialApp\TargetSocialApp.Application\TargetSocialApp.Application.csproj]
c:\Users\hamad\source\repos\TargetSocialApp\TargetSocialApp.Application\Features\Messaging\MessagingService.cs(234,45): warning CS1998: This async method lacks 'await' operators and will run synchronously. Consider using the 'await' operator to await non-blocking API calls, or 'await Task.Run(...)' to do CPU-bound work on a background thread. [c:\Users\hamad\source\repos\TargetSocialApp\TargetSocialApp.Application\TargetSocialApp.Application.csproj]
c:\Users\hamad\source\repos\TargetSocialApp\TargetSocialApp.Application\Features\Messaging\MessagingService.cs(262,86): warning CS8604: Possible null reference argument for parameter 'message' in 'Task IChatNotifier.SendMessageAsync(string conversationId, int userId, string message)'. [c:\Users\hamad\source\repos\TargetSocialApp\TargetSocialApp.Application\TargetSocialApp.Application.csproj]
c:\Users\hamad\source\repos\TargetSocialApp\TargetSocialApp.Application\Features\Messaging\MessagingService.cs(271,36): warning CS8601: Possible null reference assignment. [c:\Users\hamad\source\repos\TargetSocialApp\TargetSocialApp.Application\TargetSocialApp.Application.csproj]
c:\Users\hamad\source\repos\TargetSocialApp\TargetSocialApp.Application\Features\Posts\PostService.cs(312,33): warning CS8601: Possible null reference assignment. [c:\Users\hamad\source\repos\TargetSocialApp\TargetSocialApp.Application\TargetSocialApp.Application.csproj]
c:\Users\hamad\source\repos\TargetSocialApp\TargetSocialApp.Application\Features\Search\SearchService.cs(112,30): warning CS8602: Dereference of a possibly null reference. [c:\Users\hamad\source\repos\TargetSocialApp\TargetSocialApp.Application\TargetSocialApp.Application.csproj]
c:\Users\hamad\source\repos\TargetSocialApp\TargetSocialApp.Application\Features\Search\SearchService.cs(118,38): warning CS8601: Possible null reference assignment. [c:\Users\hamad\source\repos\TargetSocialApp\TargetSocialApp.Application\TargetSocialApp.Application.csproj]
  TargetSocialApp.Application -> c:\Users\hamad\source\repos\TargetSocialApp\TargetSocialApp.Application\bin\Debug\net9.0\TargetSocialApp.Application.dll
  TargetSocialApp.Infrastructure -> c:\Users\hamad\source\repos\TargetSocialApp\TargetSocialApp.Infrastructure\bin\Debug\net9.0\TargetSocialApp.Infrastructure.dll
c:\Users\hamad\source\repos\TargetSocialApp\TargetSocialApp.Tests\Features\Auth\AuthServiceTests.cs(282,20): warning CS8603: Possible null reference return. [c:\Users\hamad\source\repos\TargetSocialApp\TargetSocialApp.Tests\TargetSocialApp.Tests.csproj]
c:\Users\hamad\source\repos\TargetSocialApp\TargetSocialApp.Tests\Features\Auth\AuthServiceTests.cs(293,35): warning CS8602: Dereference of a possibly null reference. [c:\Users\hamad\source\repos\TargetSocialApp\TargetSocialApp.Tests\TargetSocialApp.Tests.csproj]
c:\Users\hamad\source\repos\TargetSocialApp\TargetSocialApp.Tests\Features\Auth\AuthServiceTests.cs(301,29): warning CS8602: Dereference of a possibly null reference. [c:\Users\hamad\source\repos\TargetSocialApp\TargetSocialApp.Tests\TargetSocialApp.Tests.csproj]
c:\Users\hamad\source\repos\TargetSocialApp\TargetSocialApp.Tests\Features\Auth\AuthServiceTests.cs(301,20): warning CS8600: Converting null literal or possible null value to non-nullable type. [c:\Users\hamad\source\repos\TargetSocialApp\TargetSocialApp.Tests\TargetSocialApp.Tests.csproj]
c:\Users\hamad\source\repos\TargetSocialApp\TargetSocialApp.Tests\Features\Auth\AuthServiceTests.cs(301,20): warning CS8603: Possible null reference return. [c:\Users\hamad\source\repos\TargetSocialApp\TargetSocialApp.Tests\TargetSocialApp.Tests.csproj]
c:\Users\hamad\source\repos\TargetSocialApp\TargetSocialApp.Tests\Features\Auth\AuthServiceTests.cs(122,13): warning CS8602: Dereference of a possibly null reference. [c:\Users\hamad\source\repos\TargetSocialApp\TargetSocialApp.Tests\TargetSocialApp.Tests.csproj]
c:\Users\hamad\source\repos\TargetSocialApp\TargetSocialApp.Tests\Features\Auth\AuthServiceTests.cs(165,34): warning CS8600: Converting null literal or possible null value to non-nullable type. [c:\Users\hamad\source\repos\TargetSocialApp\TargetSocialApp.Tests\TargetSocialApp.Tests.csproj]
c:\Users\hamad\source\repos\TargetSocialApp\TargetSocialApp.Tests\Features\Auth\AuthServiceTests.cs(166,75): warning CS8600: Converting null literal or possible null value to non-nullable type. [c:\Users\hamad\source\repos\TargetSocialApp\TargetSocialApp.Tests\TargetSocialApp.Tests.csproj]
c:\Users\hamad\source\repos\TargetSocialApp\TargetSocialApp.Tests\Features\Auth\AuthServiceTests.cs(189,75): warning CS8600: Converting null literal or possible null value to non-nullable type. [c:\Users\hamad\source\repos\TargetSocialApp\TargetSocialApp.Tests\TargetSocialApp.Tests.csproj]
c:\Users\hamad\source\repos\TargetSocialApp\TargetSocialApp.Tests\Features\Auth\AuthServiceTests.cs(205,34): warning CS8600: Converting null literal or possible null value to non-nullable type. [c:\Users\hamad\source\repos\TargetSocialApp\TargetSocialApp.Tests\TargetSocialApp.Tests.csproj]
c:\Users\hamad\source\repos\TargetSocialApp\TargetSocialApp.Tests\Features\Auth\AuthServiceTests.cs(206,75): warning CS8600: Converting null literal or possible null value to non-nullable type. [c:\Users\hamad\source\repos\TargetSocialApp\TargetSocialApp.Tests\TargetSocialApp.Tests.csproj]
c:\Users\hamad\source\repos\TargetSocialApp\TargetSocialApp.Tests\Features\Auth\AuthServiceTests.cs(224,34): warning CS8600: Converting null literal or possible null value to non-nullable type. [c:\Users\hamad\source\repos\TargetSocialApp\TargetSocialApp.Tests\TargetSocialApp.Tests.csproj]
c:\Users\hamad\source\repos\TargetSocialApp\TargetSocialApp.Tests\Features\Auth\AuthServiceTests.cs(225,75): warning CS8600: Converting null literal or possible null value to non-nullable type. [c:\Users\hamad\source\repos\TargetSocialApp\TargetSocialApp.Tests\TargetSocialApp.Tests.csproj]
  TargetSocialApp.Tests -> c:\Users\hamad\source\repos\TargetSocialApp\TargetSocialApp.Tests\bin\Debug\net9.0\TargetSocialApp.Tests.dll

Build succeeded.

c:\Users\hamad\source\repos\TargetSocialApp\TargetSocialApp.Application\Features\Auth\AuthService.cs(86,45): warning CS1998: This async method lacks 'await' operators and will run synchronously. Consider using the 'await' operator to await non-blocking API calls, or 'await Task.Run(...)' to do CPU-bound work on a background thread. [c:\Users\hamad\source\repos\TargetSocialApp\TargetSocialApp.Application\TargetSocialApp.Application.csproj]
c:\Users\hamad\source\repos\TargetSocialApp\TargetSocialApp.Application\Features\Auth\AuthService.cs(92,51): warning CS1998: This async method lacks 'await' operators and will run synchronously. Consider using the 'await' operator to await non-blocking API calls, or 'await Task.Run(...)' to do CPU-bound work on a background thread. [c:\Users\hamad\source\repos\TargetSocialApp\TargetSocialApp.Application\TargetSocialApp.Application.csproj]
c:\Users\hamad\source\repos\TargetSocialApp\TargetSocialApp.Application\Features\Auth\AuthService.cs(99,45): warning CS1998: This async method lacks 'await' operators and will run synchronously. Consider using the 'await' operator to await non-blocking API calls, or 'await Task.Run(...)' to do CPU-bound work on a background thread. [c:\Users\hamad\source\repos\TargetSocialApp\TargetSocialApp.Application\TargetSocialApp.Application.csproj]
c:\Users\hamad\source\repos\TargetSocialApp\TargetSocialApp.Application\Features\Auth\AuthService.cs(152,45): warning CS1998: This async method lacks 'await' operators and will run synchronously. Consider using the 'await' operator to await non-blocking API calls, or 'await Task.Run(...)' to do CPU-bound work on a background thread. [c:\Users\hamad\source\repos\TargetSocialApp\TargetSocialApp.Application\TargetSocialApp.Application.csproj]
c:\Users\hamad\source\repos\TargetSocialApp\TargetSocialApp.Application\Common\Bases\AppService.cs(39,20): warning CS8603: Possible null reference return. [c:\Users\hamad\source\repos\TargetSocialApp\TargetSocialApp.Application\TargetSocialApp.Application.csproj]
c:\Users\hamad\source\repos\TargetSocialApp\TargetSocialApp.Application\Common\Bases\AppService.cs(45,59): warning CS8603: Possible null reference return. [c:\Users\hamad\source\repos\TargetSocialApp\TargetSocialApp.Application\TargetSocialApp.Application.csproj]
c:\Users\hamad\source\repos\TargetSocialApp\TargetSocialApp.Application\Common\Bases\ApiResponse.cs(14,16): warning CS8618: Non-nullable property 'Message' must contain a non-null value when exiting constructor. Consider adding the 'required' modifier or declaring the property as nullable. [c:\Users\hamad\source\repos\TargetSocialApp\TargetSocialApp.Application\TargetSocialApp.Application.csproj]
c:\Users\hamad\source\repos\TargetSocialApp\TargetSocialApp.Application\Common\Bases\ApiResponse.cs(14,16): warning CS8618: Non-nullable property 'Errors' must contain a non-null value when exiting constructor. Consider adding the 'required' modifier or declaring the property as nullable. [c:\Users\hamad\source\repos\TargetSocialApp\TargetSocialApp.Application\TargetSocialApp.Application.csproj]
c:\Users\hamad\source\repos\TargetSocialApp\TargetSocialApp.Application\Common\Bases\ApiResponse.cs(14,16): warning CS8618: Non-nullable property 'Data' must contain a non-null value when exiting constructor. Consider adding the 'required' modifier or declaring the property as nullable. [c:\Users\hamad\source\repos\TargetSocialApp\TargetSocialApp.Application\TargetSocialApp.Application.csproj]
c:\Users\hamad\source\repos\TargetSocialApp\TargetSocialApp.Application\Common\Bases\ApiResponse.cs(14,16): warning CS8618: Non-nullable property 'Meta' must contain a non-null value when exiting constructor. Consider adding the 'required' modifier or declaring the property as nullable. [c:\Users\hamad\source\repos\TargetSocialApp\TargetSocialApp.Application\TargetSocialApp.Application.csproj]
c:\Users\hamad\source\repos\TargetSocialApp\TargetSocialApp.Application\Common\Bases\ApiResponse.cs(22,20): warning CS8601: Possible null reference assignment. [c:\Users\hamad\source\repos\TargetSocialApp\TargetSocialApp.Application\TargetSocialApp.Application.csproj]
c:\Users\hamad\source\repos\TargetSocialApp\TargetSocialApp.Application\Common\Bases\ApiResponse.cs(23,20): warning CS8601: Possible null reference assignment. [c:\Users\hamad\source\repos\TargetSocialApp\TargetSocialApp.Application\TargetSocialApp.Application.csproj]
c:\Users\hamad\source\repos\TargetSocialApp\TargetSocialApp.Application\Common\Bases\ApiResponse.cs(24,22): warning CS8601: Possible null reference assignment. [c:\Users\hamad\source\repos\TargetSocialApp\TargetSocialApp.Application\TargetSocialApp.Application.csproj]
c:\Users\hamad\source\repos\TargetSocialApp\TargetSocialApp.Application\Common\Bases\ApiResponse.cs(18,16): warning CS8618: Non-nullable property 'Errors' must contain a non-null value when exiting constructor. Consider adding the 'required' modifier or declaring the property as nullable. [c:\Users\hamad\source\repos\TargetSocialApp\TargetSocialApp.Application\TargetSocialApp.Application.csproj]
c:\Users\hamad\source\repos\TargetSocialApp\TargetSocialApp.Application\Common\Bases\ApiResponse.cs(18,16): warning CS8618: Non-nullable property 'Data' must contain a non-null value when exiting constructor. Consider adding the 'required' modifier or declaring the property as nullable. [c:\Users\hamad\source\repos\TargetSocialApp\TargetSocialApp.Application\TargetSocialApp.Application.csproj]
c:\Users\hamad\source\repos\TargetSocialApp\TargetSocialApp.Application\Common\Bases\ApiResponse.cs(18,16): warning CS8618: Non-nullable property 'Meta' must contain a non-null value when exiting constructor. Consider adding the 'required' modifier or declaring the property as nullable. [c:\Users\hamad\source\repos\TargetSocialApp\TargetSocialApp.Application\TargetSocialApp.Application.csproj]
c:\Users\hamad\source\repos\TargetSocialApp\TargetSocialApp.Application\Features\Comments\DTOs\CommentDto.cs(11,23): warning CS8618: Non-nullable property 'UserName' must contain a non-null value when exiting constructor. Consider adding the 'required' modifier or declaring the property as nullable. [c:\Users\hamad\source\repos\TargetSocialApp\TargetSocialApp.Application\TargetSocialApp.Application.csproj]
c:\Users\hamad\source\repos\TargetSocialApp\TargetSocialApp.Application\Features\Comments\DTOs\CommentDto.cs(12,23): warning CS8618: Non-nullable property 'UserAvatarUrl' must contain a non-null value when exiting constructor. Consider adding the 'required' modifier or declaring the property as nullable. [c:\Users\hamad\source\repos\TargetSocialApp\TargetSocialApp.Application\TargetSocialApp.Application.csproj]
c:\Users\hamad\source\repos\TargetSocialApp\TargetSocialApp.Application\Features\Comments\DTOs\CommentDto.cs(13,23): warning CS8618: Non-nullable property 'Content' must contain a non-null value when exiting constructor. Consider adding the 'required' modifier or declaring the property as nullable. [c:\Users\hamad\source\repos\TargetSocialApp\TargetSocialApp.Application\TargetSocialApp.Application.csproj]
c:\Users\hamad\source\repos\TargetSocialApp\TargetSocialApp.Application\Features\Media\MediaService.cs(12,16): warning CS8618: Non-nullable field '_webHostEnvironment' must contain a non-null value when exiting constructor. Consider adding the 'required' modifier or declaring the field as nullable. [c:\Users\hamad\source\repos\TargetSocialApp\TargetSocialApp.Application\TargetSocialApp.Application.csproj]
c:\Users\hamad\source\repos\TargetSocialApp\TargetSocialApp.Application\Features\Media\MediaService.cs(51,45): warning CS1998: This async method lacks 'await' operators and will run synchronously. Consider using the 'await' operator to await non-blocking API calls, or 'await Task.Run(...)' to do CPU-bound work on a background thread. [c:\Users\hamad\source\repos\TargetSocialApp\TargetSocialApp.Application\TargetSocialApp.Application.csproj]
c:\Users\hamad\source\repos\TargetSocialApp\TargetSocialApp.Application\Features\Comments\CommentService.cs(55,34): warning CS8601: Possible null reference assignment. [c:\Users\hamad\source\repos\TargetSocialApp\TargetSocialApp.Application\TargetSocialApp.Application.csproj]
c:\Users\hamad\source\repos\TargetSocialApp\TargetSocialApp.Application\Features\Messaging\DTOs\ConversationDto.cs(24,23): warning CS8618: Non-nullable property 'Title' must contain a non-null value when exiting constructor. Consider adding the 'required' modifier or declaring the property as nullable. [c:\Users\hamad\source\repos\TargetSocialApp\TargetSocialApp.Application\TargetSocialApp.Application.csproj]
c:\Users\hamad\source\repos\TargetSocialApp\TargetSocialApp.Application\Features\Messaging\DTOs\ConversationDto.cs(27,27): warning CS8618: Non-nullable property 'LastMessage' must contain a non-null value when exiting constructor. Consider adding the 'required' modifier or declaring the property as nullable. [c:\Users\hamad\source\repos\TargetSocialApp\TargetSocialApp.Application\TargetSocialApp.Application.csproj]
c:\Users\hamad\source\repos\TargetSocialApp\TargetSocialApp.Application\Features\Messaging\DTOs\ConversationDto.cs(13,23): warning CS8618: Non-nullable property 'SenderName' must contain a non-null value when exiting constructor. Consider adding the 'required' modifier or declaring the property as nullable. [c:\Users\hamad\source\repos\TargetSocialApp\TargetSocialApp.Application\TargetSocialApp.Application.csproj]
c:\Users\hamad\source\repos\TargetSocialApp\TargetSocialApp.Application\Features\Messaging\DTOs\ConversationDto.cs(14,23): warning CS8618: Non-nullable property 'SenderAvatarUrl' must contain a non-null value when exiting constructor. Consider adding the 'required' modifier or declaring the property as nullable. [c:\Users\hamad\source\repos\TargetSocialApp\TargetSocialApp.Application\TargetSocialApp.Application.csproj]
c:\Users\hamad\source\repos\TargetSocialApp\TargetSocialApp.Application\Features\Messaging\DTOs\ConversationDto.cs(15,23): warning CS8618: Non-nullable property 'Content' must contain a non-null value when exiting constructor. Consider adding the 'required' modifier or declaring the property as nullable. [c:\Users\hamad\source\repos\TargetSocialApp\TargetSocialApp.Application\TargetSocialApp.Application.csproj]
c:\Users\hamad\source\repos\TargetSocialApp\TargetSocialApp.Application\Features\Users\DTOs\UserDto.cs(8,23): warning CS8618: Non-nullable property 'FirstName' must contain a non-null value when exiting constructor. Consider adding the 'required' modifier or declaring the property as nullable. [c:\Users\hamad\source\repos\TargetSocialApp\TargetSocialApp.Application\TargetSocialApp.Application.csproj]
c:\Users\hamad\source\repos\TargetSocialApp\TargetSocialApp.Application\Features\Users\DTOs\UserDto.cs(9,23): warning CS8618: Non-nullable property 'LastName' must contain a non-null value when exiting constructor. Consider adding the 'required' modifier or declaring the property as nullable. [c:\Users\hamad\source\repos\TargetSocialApp\TargetSocialApp.Application\TargetSocialApp.Application.csproj]
c:\Users\hamad\source\repos\TargetSocialApp\TargetSocialApp.Application\Features\Users\DTOs\UserDto.cs(10,23): warning CS8618: Non-nullable property 'Email' must contain a non-null value when exiting constructor. Consider adding the 'required' modifier or declaring the property as nullable. [c:\Users\hamad\source\repos\TargetSocialApp\TargetSocialApp.Application\TargetSocialApp.Application.csproj]
c:\Users\hamad\source\repos\TargetSocialApp\TargetSocialApp.Application\Features\Comments\CommentService.cs(89,38): warning CS8601: Possible null reference assignment. [c:\Users\hamad\source\repos\TargetSocialApp\TargetSocialApp.Application\TargetSocialApp.Application.csproj]
c:\Users\hamad\source\repos\TargetSocialApp\TargetSocialApp.Application\Features\Friends\DTOs\FriendshipDto.cs(10,23): warning CS8618: Non-nullable property 'RequesterName' must contain a non-null value when exiting constructor. Consider adding the 'required' modifier or declaring the property as nullable. [c:\Users\hamad\source\repos\TargetSocialApp\TargetSocialApp.Application\TargetSocialApp.Application.csproj]
c:\Users\hamad\source\repos\TargetSocialApp\TargetSocialApp.Application\Features\Friends\DTOs\FriendshipDto.cs(11,23): warning CS8618: Non-nullable property 'RequesterAvatarUrl' must contain a non-null value when exiting constructor. Consider adding the 'required' modifier or declaring the property as nullable. [c:\Users\hamad\source\repos\TargetSocialApp\TargetSocialApp.Application\TargetSocialApp.Application.csproj]
c:\Users\hamad\source\repos\TargetSocialApp\TargetSocialApp.Application\Features\Friends\DTOs\FriendshipDto.cs(13,23): warning CS8618: Non-nullable property 'ReceiverName' must contain a non-null value when exiting constructor. Consider adding the 'required' modifier or declaring the property as nullable. [c:\Users\hamad\source\repos\TargetSocialApp\TargetSocialApp.Application\TargetSocialApp.Application.csproj]
c:\Users\hamad\source\repos\TargetSocialApp\TargetSocialApp.Application\Features\Friends\DTOs\FriendshipDto.cs(14,23): warning CS8618: Non-nullable property 'ReceiverAvatarUrl' must contain a non-null value when exiting constructor. Consider adding the 'required' modifier or declaring the property as nullable. [c:\Users\hamad\source\repos\TargetSocialApp\TargetSocialApp.Application\TargetSocialApp.Application.csproj]
c:\Users\hamad\source\repos\TargetSocialApp\TargetSocialApp.Application\Features\Posts\DTOs\PostDto.cs(34,23): warning CS8618: Non-nullable property 'UserName' must contain a non-null value when exiting constructor. Consider adding the 'required' modifier or declaring the property as nullable. [c:\Users\hamad\source\repos\TargetSocialApp\TargetSocialApp.Application\TargetSocialApp.Application.csproj]
c:\Users\hamad\source\repos\TargetSocialApp\TargetSocialApp.Application\Features\Posts\DTOs\PostDto.cs(35,23): warning CS8618: Non-nullable property 'UserAvatarUrl' must contain a non-null value when exiting constructor. Consider adding the 'required' modifier or declaring the property as nullable. [c:\Users\hamad\source\repos\TargetSocialApp\TargetSocialApp.Application\TargetSocialApp.Application.csproj]
c:\Users\hamad\source\repos\TargetSocialApp\TargetSocialApp.Application\Features\Notifications\DTOs\NotificationDto.cs(11,23): warning CS8618: Non-nullable property 'ActorName' must contain a non-null value when exiting constructor. Consider adding the 'required' modifier or declaring the property as nullable. [c:\Users\hamad\source\repos\TargetSocialApp\TargetSocialApp.Application\TargetSocialApp.Application.csproj]
c:\Users\hamad\source\repos\TargetSocialApp\TargetSocialApp.Application\Features\Notifications\DTOs\NotificationDto.cs(12,23): warning CS8618: Non-nullable property 'ActorAvatarUrl' must contain a non-null value when exiting constructor. Consider adding the 'required' modifier or declaring the property as nullable. [c:\Users\hamad\source\repos\TargetSocialApp\TargetSocialApp.Application\TargetSocialApp.Application.csproj]
c:\Users\hamad\source\repos\TargetSocialApp\TargetSocialApp.Application\Features\Notifications\DTOs\NotificationDto.cs(15,23): warning CS8618: Non-nullable property 'Content' must contain a non-null value when exiting constructor. Consider adding the 'required' modifier or declaring the property as nullable. [c:\Users\hamad\source\repos\TargetSocialApp\TargetSocialApp.Application\TargetSocialApp.Application.csproj]
c:\Users\hamad\source\repos\TargetSocialApp\TargetSocialApp.Application\Features\Notifications\NotificationService.cs(53,55): warning CS8602: Dereference of a possibly null reference. [c:\Users\hamad\source\repos\TargetSocialApp\TargetSocialApp.Application\TargetSocialApp.Application.csproj]
c:\Users\hamad\source\repos\TargetSocialApp\TargetSocialApp.Application\Features\Notifications\NotificationService.cs(54,60): warning CS8602: Dereference of a possibly null reference. [c:\Users\hamad\source\repos\TargetSocialApp\TargetSocialApp.Application\TargetSocialApp.Application.csproj]
c:\Users\hamad\source\repos\TargetSocialApp\TargetSocialApp.Application\Features\Notifications\NotificationService.cs(54,39): warning CS8601: Possible null reference assignment. [c:\Users\hamad\source\repos\TargetSocialApp\TargetSocialApp.Application\TargetSocialApp.Application.csproj]
c:\Users\hamad\source\repos\TargetSocialApp\TargetSocialApp.Application\Features\Posts\DTOs\PostDto.cs(11,23): warning CS8618: Non-nullable property 'UserName' must contain a non-null value when exiting constructor. Consider adding the 'required' modifier or declaring the property as nullable. [c:\Users\hamad\source\repos\TargetSocialApp\TargetSocialApp.Application\TargetSocialApp.Application.csproj]
c:\Users\hamad\source\repos\TargetSocialApp\TargetSocialApp.Application\Features\Posts\DTOs\PostDto.cs(12,23): warning CS8618: Non-nullable property 'UserAvatarUrl' must contain a non-null value when exiting constructor. Consider adding the 'required' modifier or declaring the property as nullable. [c:\Users\hamad\source\repos\TargetSocialApp\TargetSocialApp.Application\TargetSocialApp.Application.csproj]
c:\Users\hamad\source\repos\TargetSocialApp\TargetSocialApp.Application\Features\Privacy\PrivacyService.cs(56,45): warning CS1998: This async method lacks 'await' operators and will run synchronously. Consider using the 'await' operator to await non-blocking API calls, or 'await Task.Run(...)' to do CPU-bound work on a background thread. [c:\Users\hamad\source\repos\TargetSocialApp\TargetSocialApp.Application\TargetSocialApp.Application.csproj]
c:\Users\hamad\source\repos\TargetSocialApp\TargetSocialApp.Application\Features\Posts\PostService.cs(69,33): warning CS8601: Possible null reference assignment. [c:\Users\hamad\source\repos\TargetSocialApp\TargetSocialApp.Application\TargetSocialApp.Application.csproj]
c:\Users\hamad\source\repos\TargetSocialApp\TargetSocialApp.Application\Features\Messaging\MessagingService.cs(50,33): warning CS8601: Possible null reference assignment. [c:\Users\hamad\source\repos\TargetSocialApp\TargetSocialApp.Application\TargetSocialApp.Application.csproj]
c:\Users\hamad\source\repos\TargetSocialApp\TargetSocialApp.Application\Features\Messaging\MessagingService.cs(86,26): warning CS8601: Possible null reference assignment. [c:\Users\hamad\source\repos\TargetSocialApp\TargetSocialApp.Application\TargetSocialApp.Application.csproj]
c:\Users\hamad\source\repos\TargetSocialApp\TargetSocialApp.Application\Features\Messaging\MessagingService.cs(89,32): warning CS8625: Cannot convert null literal to non-nullable reference type. [c:\Users\hamad\source\repos\TargetSocialApp\TargetSocialApp.Application\TargetSocialApp.Application.csproj]
c:\Users\hamad\source\repos\TargetSocialApp\TargetSocialApp.Application\Features\Stories\StoryService.cs(127,33): warning CS8601: Possible null reference assignment. [c:\Users\hamad\source\repos\TargetSocialApp\TargetSocialApp.Application\TargetSocialApp.Application.csproj]
c:\Users\hamad\source\repos\TargetSocialApp\TargetSocialApp.Application\Features\Stories\DTOs\StoryDto.cs(25,23): warning CS8618: Non-nullable property 'Title' must contain a non-null value when exiting constructor. Consider adding the 'required' modifier or declaring the property as nullable. [c:\Users\hamad\source\repos\TargetSocialApp\TargetSocialApp.Application\TargetSocialApp.Application.csproj]
c:\Users\hamad\source\repos\TargetSocialApp\TargetSocialApp.Application\Features\Stories\DTOs\StoryDto.cs(26,23): warning CS8618: Non-nullable property 'CoverImageUrl' must contain a non-null value when exiting constructor. Consider adding the 'required' modifier or declaring the property as nullable. [c:\Users\hamad\source\repos\TargetSocialApp\TargetSocialApp.Application\TargetSocialApp.Application.csproj]
c:\Users\hamad\source\repos\TargetSocialApp\TargetSocialApp.Application\Features\Stories\DTOs\StoryDto.cs(11,23): warning CS8618: Non-nullable property 'UserName' must contain a non-null value when exiting constructor. Consider adding the 'required' modifier or declaring the property as nullable. [c:\Users\hamad\source\repos\TargetSocialApp\TargetSocialApp.Application\TargetSocialApp.Application.csproj]
c:\Users\hamad\source\repos\TargetSocialApp\TargetSocialApp.Application\Features\Stories\DTOs\StoryDto.cs(12,23): warning CS8618: Non-nullable property 'UserAvatarUrl' must contain a non-null value when exiting constructor. Consider adding the 'required' modifier or declaring the property as nullable. [c:\Users\hamad\source\repos\TargetSocialApp\TargetSocialApp.Application\TargetSocialApp.Application.csproj]
c:\Users\hamad\source\repos\TargetSocialApp\TargetSocialApp.Application\Features\Stories\DTOs\StoryDto.cs(13,23): warning CS8618: Non-nullable property 'MediaUrl' must contain a non-null value when exiting constructor. Consider adding the 'required' modifier or declaring the property as nullable. [c:\Users\hamad\source\repos\TargetSocialApp\TargetSocialApp.Application\TargetSocialApp.Application.csproj]
c:\Users\hamad\source\repos\TargetSocialApp\TargetSocialApp.Application\Features\Posts\DTOs\PostDto.cs(26,23): warning CS8618: Non-nullable property 'Url' must contain a non-null value when exiting constructor. Consider adding the 'required' modifier or declaring the property as nullable. [c:\Users\hamad\source\repos\TargetSocialApp\TargetSocialApp.Application\TargetSocialApp.Application.csproj]
c:\Users\hamad\source\repos\TargetSocialApp\TargetSocialApp.Application\Features\Posts\PostService.cs(102,37): warning CS8601: Possible null reference assignment. [c:\Users\hamad\source\repos\TargetSocialApp\TargetSocialApp.Application\TargetSocialApp.Application.csproj]
c:\Users\hamad\source\repos\TargetSocialApp\TargetSocialApp.Application\Features\Comments\CommentService.cs(114,38): warning CS8601: Possible null reference assignment. [c:\Users\hamad\source\repos\TargetSocialApp\TargetSocialApp.Application\TargetSocialApp.Application.csproj]
c:\Users\hamad\source\repos\TargetSocialApp\TargetSocialApp.Application\Features\Friends\FriendService.cs(196,43): warning CS8601: Possible null reference assignment. [c:\Users\hamad\source\repos\TargetSocialApp\TargetSocialApp.Application\TargetSocialApp.Application.csproj]
c:\Users\hamad\source\repos\TargetSocialApp\TargetSocialApp.Application\Features\Friends\FriendService.cs(199,42): warning CS8601: Possible null reference assignment. [c:\Users\hamad\source\repos\TargetSocialApp\TargetSocialApp.Application\TargetSocialApp.Application.csproj]
c:\Users\hamad\source\repos\TargetSocialApp\TargetSocialApp.Application\Features\Stories\StoryService.cs(171,38): warning CS8601: Possible null reference assignment. [c:\Users\hamad\source\repos\TargetSocialApp\TargetSocialApp.Application\TargetSocialApp.Application.csproj]
c:\Users\hamad\source\repos\TargetSocialApp\TargetSocialApp.Application\Features\Stories\StoryService.cs(195,38): warning CS8601: Possible null reference assignment. [c:\Users\hamad\source\repos\TargetSocialApp\TargetSocialApp.Application\TargetSocialApp.Application.csproj]
c:\Users\hamad\source\repos\TargetSocialApp\TargetSocialApp.Application\Features\Search\SearchService.cs(31,29): warning CS8602: Dereference of a possibly null reference. [c:\Users\hamad\source\repos\TargetSocialApp\TargetSocialApp.Application\TargetSocialApp.Application.csproj]
c:\Users\hamad\source\repos\TargetSocialApp\TargetSocialApp.Application\Features\Search\SearchService.cs(38,37): warning CS8601: Possible null reference assignment. [c:\Users\hamad\source\repos\TargetSocialApp\TargetSocialApp.Application\TargetSocialApp.Application.csproj]
c:\Users\hamad\source\repos\TargetSocialApp\TargetSocialApp.Application\Features\Posts\PostService.cs(169,37): warning CS8601: Possible null reference assignment. [c:\Users\hamad\source\repos\TargetSocialApp\TargetSocialApp.Application\TargetSocialApp.Application.csproj]
c:\Users\hamad\source\repos\TargetSocialApp\TargetSocialApp.Application\Features\Messaging\MessagingService.cs(128,30): warning CS8601: Possible null reference assignment. [c:\Users\hamad\source\repos\TargetSocialApp\TargetSocialApp.Application\TargetSocialApp.Application.csproj]
c:\Users\hamad\source\repos\TargetSocialApp\TargetSocialApp.Application\Features\Messaging\MessagingService.cs(140,36): warning CS8601: Possible null reference assignment. [c:\Users\hamad\source\repos\TargetSocialApp\TargetSocialApp.Application\TargetSocialApp.Application.csproj]
c:\Users\hamad\source\repos\TargetSocialApp\TargetSocialApp.Application\Features\Messaging\MessagingService.cs(137,36): warning CS8601: Possible null reference assignment. [c:\Users\hamad\source\repos\TargetSocialApp\TargetSocialApp.Application\TargetSocialApp.Application.csproj]
c:\Users\hamad\source\repos\TargetSocialApp\TargetSocialApp.Application\Features\Friends\FriendService.cs(216,43): warning CS8601: Possible null reference assignment. [c:\Users\hamad\source\repos\TargetSocialApp\TargetSocialApp.Application\TargetSocialApp.Application.csproj]
c:\Users\hamad\source\repos\TargetSocialApp\TargetSocialApp.Application\Features\Friends\FriendService.cs(219,42): warning CS8601: Possible null reference assignment. [c:\Users\hamad\source\repos\TargetSocialApp\TargetSocialApp.Application\TargetSocialApp.Application.csproj]
c:\Users\hamad\source\repos\TargetSocialApp\TargetSocialApp.Application\Features\Comments\CommentService.cs(173,34): warning CS8601: Possible null reference assignment. [c:\Users\hamad\source\repos\TargetSocialApp\TargetSocialApp.Application\TargetSocialApp.Application.csproj]
c:\Users\hamad\source\repos\TargetSocialApp\TargetSocialApp.Application\Features\Search\SearchService.cs(63,51): warning CS1998: This async method lacks 'await' operators and will run synchronously. Consider using the 'await' operator to await non-blocking API calls, or 'await Task.Run(...)' to do CPU-bound work on a background thread. [c:\Users\hamad\source\repos\TargetSocialApp\TargetSocialApp.Application\TargetSocialApp.Application.csproj]
c:\Users\hamad\source\repos\TargetSocialApp\TargetSocialApp.Application\Features\Posts\PostService.cs(185,37): warning CS8601: Possible null reference assignment. [c:\Users\hamad\source\repos\TargetSocialApp\TargetSocialApp.Application\TargetSocialApp.Application.csproj]
c:\Users\hamad\source\repos\TargetSocialApp\TargetSocialApp.Application\Features\Comments\CommentService.cs(209,34): warning CS8601: Possible null reference assignment. [c:\Users\hamad\source\repos\TargetSocialApp\TargetSocialApp.Application\TargetSocialApp.Application.csproj]
c:\Users\hamad\source\repos\TargetSocialApp\TargetSocialApp.Application\Features\Messaging\MessagingService.cs(176,40): warning CS8601: Possible null reference assignment. [c:\Users\hamad\source\repos\TargetSocialApp\TargetSocialApp.Application\TargetSocialApp.Application.csproj]
c:\Users\hamad\source\repos\TargetSocialApp\TargetSocialApp.Application\Features\Messaging\MessagingService.cs(177,32): warning CS8601: Possible null reference assignment. [c:\Users\hamad\source\repos\TargetSocialApp\TargetSocialApp.Application\TargetSocialApp.Application.csproj]
c:\Users\hamad\source\repos\TargetSocialApp\TargetSocialApp.Application\Features\Stories\StoryService.cs(250,42): warning CS8601: Possible null reference assignment. [c:\Users\hamad\source\repos\TargetSocialApp\TargetSocialApp.Application\TargetSocialApp.Application.csproj]
c:\Users\hamad\source\repos\TargetSocialApp\TargetSocialApp.Application\Features\Search\SearchService.cs(78,38): warning CS8601: Possible null reference assignment. [c:\Users\hamad\source\repos\TargetSocialApp\TargetSocialApp.Application\TargetSocialApp.Application.csproj]
c:\Users\hamad\source\repos\TargetSocialApp\TargetSocialApp.Application\Features\Search\SearchService.cs(99,26): warning CS8601: Possible null reference assignment. [c:\Users\hamad\source\repos\TargetSocialApp\TargetSocialApp.Application\TargetSocialApp.Application.csproj]
c:\Users\hamad\source\repos\TargetSocialApp\TargetSocialApp.Application\Features\Search\SearchService.cs(100,26): warning CS8601: Possible null reference assignment. [c:\Users\hamad\source\repos\TargetSocialApp\TargetSocialApp.Application\TargetSocialApp.Application.csproj]
c:\Users\hamad\source\repos\TargetSocialApp\TargetSocialApp.Application\Features\Posts\PostService.cs(272,45): warning CS1998: This async method lacks 'await' operators and will run synchronously. Consider using the 'await' operator to await non-blocking API calls, or 'await Task.Run(...)' to do CPU-bound work on a background thread. [c:\Users\hamad\source\repos\TargetSocialApp\TargetSocialApp.Application\TargetSocialApp.Application.csproj]
c:\Users\hamad\source\repos\TargetSocialApp\TargetSocialApp.Application\Features\Search\SearchService.cs(104,51): warning CS1998: This async method lacks 'await' operators and will run synchronously. Consider using the 'await' operator to await non-blocking API calls, or 'await Task.Run(...)' to do CPU-bound work on a background thread. [c:\Users\hamad\source\repos\TargetSocialApp\TargetSocialApp.Application\TargetSocialApp.Application.csproj]
c:\Users\hamad\source\repos\TargetSocialApp\TargetSocialApp.Application\Features\Messaging\MessagingService.cs(195,30): warning CS8601: Possible null reference assignment. [c:\Users\hamad\source\repos\TargetSocialApp\TargetSocialApp.Application\TargetSocialApp.Application.csproj]
c:\Users\hamad\source\repos\TargetSocialApp\TargetSocialApp.Application\Features\Messaging\MessagingService.cs(207,36): warning CS8601: Possible null reference assignment. [c:\Users\hamad\source\repos\TargetSocialApp\TargetSocialApp.Application\TargetSocialApp.Application.csproj]
c:\Users\hamad\source\repos\TargetSocialApp\TargetSocialApp.Application\Features\Messaging\MessagingService.cs(204,36): warning CS8601: Possible null reference assignment. [c:\Users\hamad\source\repos\TargetSocialApp\TargetSocialApp.Application\TargetSocialApp.Application.csproj]
c:\Users\hamad\source\repos\TargetSocialApp\TargetSocialApp.Application\Features\Messaging\MessagingService.cs(234,45): warning CS1998: This async method lacks 'await' operators and will run synchronously. Consider using the 'await' operator to await non-blocking API calls, or 'await Task.Run(...)' to do CPU-bound work on a background thread. [c:\Users\hamad\source\repos\TargetSocialApp\TargetSocialApp.Application\TargetSocialApp.Application.csproj]
c:\Users\hamad\source\repos\TargetSocialApp\TargetSocialApp.Application\Features\Messaging\MessagingService.cs(262,86): warning CS8604: Possible null reference argument for parameter 'message' in 'Task IChatNotifier.SendMessageAsync(string conversationId, int userId, string message)'. [c:\Users\hamad\source\repos\TargetSocialApp\TargetSocialApp.Application\TargetSocialApp.Application.csproj]
c:\Users\hamad\source\repos\TargetSocialApp\TargetSocialApp.Application\Features\Messaging\MessagingService.cs(271,36): warning CS8601: Possible null reference assignment. [c:\Users\hamad\source\repos\TargetSocialApp\TargetSocialApp.Application\TargetSocialApp.Application.csproj]
c:\Users\hamad\source\repos\TargetSocialApp\TargetSocialApp.Application\Features\Posts\PostService.cs(312,33): warning CS8601: Possible null reference assignment. [c:\Users\hamad\source\repos\TargetSocialApp\TargetSocialApp.Application\TargetSocialApp.Application.csproj]
c:\Users\hamad\source\repos\TargetSocialApp\TargetSocialApp.Application\Features\Search\SearchService.cs(112,30): warning CS8602: Dereference of a possibly null reference. [c:\Users\hamad\source\repos\TargetSocialApp\TargetSocialApp.Application\TargetSocialApp.Application.csproj]
c:\Users\hamad\source\repos\TargetSocialApp\TargetSocialApp.Application\Features\Search\SearchService.cs(118,38): warning CS8601: Possible null reference assignment. [c:\Users\hamad\source\repos\TargetSocialApp\TargetSocialApp.Application\TargetSocialApp.Application.csproj]
c:\Users\hamad\source\repos\TargetSocialApp\TargetSocialApp.Tests\Features\Auth\AuthServiceTests.cs(282,20): warning CS8603: Possible null reference return. [c:\Users\hamad\source\repos\TargetSocialApp\TargetSocialApp.Tests\TargetSocialApp.Tests.csproj]
c:\Users\hamad\source\repos\TargetSocialApp\TargetSocialApp.Tests\Features\Auth\AuthServiceTests.cs(293,35): warning CS8602: Dereference of a possibly null reference. [c:\Users\hamad\source\repos\TargetSocialApp\TargetSocialApp.Tests\TargetSocialApp.Tests.csproj]
c:\Users\hamad\source\repos\TargetSocialApp\TargetSocialApp.Tests\Features\Auth\AuthServiceTests.cs(301,29): warning CS8602: Dereference of a possibly null reference. [c:\Users\hamad\source\repos\TargetSocialApp\TargetSocialApp.Tests\TargetSocialApp.Tests.csproj]
c:\Users\hamad\source\repos\TargetSocialApp\TargetSocialApp.Tests\Features\Auth\AuthServiceTests.cs(301,20): warning CS8600: Converting null literal or possible null value to non-nullable type. [c:\Users\hamad\source\repos\TargetSocialApp\TargetSocialApp.Tests\TargetSocialApp.Tests.csproj]
c:\Users\hamad\source\repos\TargetSocialApp\TargetSocialApp.Tests\Features\Auth\AuthServiceTests.cs(301,20): warning CS8603: Possible null reference return. [c:\Users\hamad\source\repos\TargetSocialApp\TargetSocialApp.Tests\TargetSocialApp.Tests.csproj]
c:\Users\hamad\source\repos\TargetSocialApp\TargetSocialApp.Tests\Features\Auth\AuthServiceTests.cs(122,13): warning CS8602: Dereference of a possibly null reference. [c:\Users\hamad\source\repos\TargetSocialApp\TargetSocialApp.Tests\TargetSocialApp.Tests.csproj]
c:\Users\hamad\source\repos\TargetSocialApp\TargetSocialApp.Tests\Features\Auth\AuthServiceTests.cs(165,34): warning CS8600: Converting null literal or possible null value to non-nullable type. [c:\Users\hamad\source\repos\TargetSocialApp\TargetSocialApp.Tests\TargetSocialApp.Tests.csproj]
c:\Users\hamad\source\repos\TargetSocialApp\TargetSocialApp.Tests\Features\Auth\AuthServiceTests.cs(166,75): warning CS8600: Converting null literal or possible null value to non-nullable type. [c:\Users\hamad\source\repos\TargetSocialApp\TargetSocialApp.Tests\TargetSocialApp.Tests.csproj]
c:\Users\hamad\source\repos\TargetSocialApp\TargetSocialApp.Tests\Features\Auth\AuthServiceTests.cs(189,75): warning CS8600: Converting null literal or possible null value to non-nullable type. [c:\Users\hamad\source\repos\TargetSocialApp\TargetSocialApp.Tests\TargetSocialApp.Tests.csproj]
c:\Users\hamad\source\repos\TargetSocialApp\TargetSocialApp.Tests\Features\Auth\AuthServiceTests.cs(205,34): warning CS8600: Converting null literal or possible null value to non-nullable type. [c:\Users\hamad\source\repos\TargetSocialApp\TargetSocialApp.Tests\TargetSocialApp.Tests.csproj]
c:\Users\hamad\source\repos\TargetSocialApp\TargetSocialApp.Tests\Features\Auth\AuthServiceTests.cs(206,75): warning CS8600: Converting null literal or possible null value to non-nullable type. [c:\Users\hamad\source\repos\TargetSocialApp\TargetSocialApp.Tests\TargetSocialApp.Tests.csproj]
c:\Users\hamad\source\repos\TargetSocialApp\TargetSocialApp.Tests\Features\Auth\AuthServiceTests.cs(224,34): warning CS8600: Converting null literal or possible null value to non-nullable type. [c:\Users\hamad\source\repos\TargetSocialApp\TargetSocialApp.Tests\TargetSocialApp.Tests.csproj]
c:\Users\hamad\source\repos\TargetSocialApp\TargetSocialApp.Tests\Features\Auth\AuthServiceTests.cs(225,75): warning CS8600: Converting null literal or possible null value to non-nullable type. [c:\Users\hamad\source\repos\TargetSocialApp\TargetSocialApp.Tests\TargetSocialApp.Tests.csproj]
    105 Warning(s)
    0 Error(s)

Time Elapsed 00:00:11.19
