C:\Program Files\dotnet\sdk\9.0.307\Microsoft.Common.CurrentVersion.targets(5093,5): error MSB3027: Could not copy "C:\Users\hamad\source\repos\TargetSocialApp\TargetSocialApp.Infrastructure\bin\Debug\net9.0\TargetSocialApp.Infrastructure.dll" to "bin\Debug\net9.0\TargetSocialApp.Infrastructure.dll". Exceeded retry count of 10. Failed. The file is locked by: "TargetSocialApp.API (15808)" [C:\Users\hamad\source\repos\TargetSocialApp\TargetSocialApp.API\TargetSocialApp.API.csproj]
C:\Program Files\dotnet\sdk\9.0.307\Microsoft.Common.CurrentVersion.targets(5093,5): error MSB3021: Unable to copy file "C:\Users\hamad\source\repos\TargetSocialApp\TargetSocialApp.Infrastructure\bin\Debug\net9.0\TargetSocialApp.Infrastructure.dll" to "bin\Debug\net9.0\TargetSocialApp.Infrastructure.dll". The process cannot access the file 'C:\Users\hamad\source\repos\TargetSocialApp\TargetSocialApp.API\bin\Debug\net9.0\TargetSocialApp.Infrastructure.dll' because it is being used by another process. [C:\Users\hamad\source\repos\TargetSocialApp\TargetSocialApp.API\TargetSocialApp.API.csproj]

Build FAILED.
    34 Warning(s)
    2 Error(s)

Time Elapsed 00:00:13.15
